Info: Starting: Create simulation model
Info: qsys-generate /home/alexix/Repos/FPGALearning/Calc2/uart.qsys --simulation=VERILOG --allow-mixed-language-simulation --output-directory=/home/alexix/Repos/FPGALearning/Calc2/uart/simulation --family="Cyclone V" --part=5CSEMA5F31C6
Progress: Loading Calc2/uart.qsys
Progress: Reading input file
Progress: Adding clk_0 [clock_source 25.1]
Progress: Parameterizing module clk_0
Progress: Adding rs232_0 [altera_up_avalon_rs232 17.1]
Progress: Parameterizing module rs232_0
Progress: Building connections
Progress: Parameterizing connections
Progress: Validating
Progress: Done reading input file
Info: uart: Generating "uart" for SIM_VERILOG
Info: rs232_0: Starting Generation of RS232 UART
Info: rs232_0: "uart" instantiated altera_up_avalon_rs232 "rs232_0"
Info: rst_controller: "uart" instantiated altera_reset_controller "rst_controller"
Info: uart: Done "uart" with 3 modules, 9 files
Info: qsys-generate succeeded.
Info: Finished: Create simulation model
Info: Starting: Create Modelsim Project.
Info: sim-script-gen --spd=/home/alexix/Repos/FPGALearning/Calc2/uart/uart.spd --output-directory=/home/alexix/Repos/FPGALearning/Calc2/uart/simulation/ --use-relative-paths=true
Info: Doing: ip-make-simscript --spd=/home/alexix/Repos/FPGALearning/Calc2/uart/uart.spd --output-directory=/home/alexix/Repos/FPGALearning/Calc2/uart/simulation/ --use-relative-paths=true
Info: Generating the following file(s) for RIVIERA simulator in /home/alexix/Repos/FPGALearning/Calc2/uart/simulation/ directory:
Info: 	aldec/rivierapro_setup.tcl
Info: Generating the following file(s) for MODELSIM simulator in /home/alexix/Repos/FPGALearning/Calc2/uart/simulation/ directory:
Info: 	mentor/msim_setup.tcl
Info: Generating the following file(s) for VCS simulator in /home/alexix/Repos/FPGALearning/Calc2/uart/simulation/ directory:
Info: 	synopsys/vcs/vcs_setup.sh
Info: Generating the following file(s) for VCSMX simulator in /home/alexix/Repos/FPGALearning/Calc2/uart/simulation/ directory:
Info: 	synopsys/vcsmx/synopsys_sim.setup
Info: 	synopsys/vcsmx/vcsmx_setup.sh
Info: Generating the following file(s) for XCELIUM simulator in /home/alexix/Repos/FPGALearning/Calc2/uart/simulation/ directory:
Info: 	xcelium/cds.lib
Info: 	xcelium/hdl.var
Info: 	xcelium/xcelium_setup.sh
Info: 	2 .cds.lib files in xcelium/cds_libs/ directory
Info: For information on how to simulate your IP, see the explanatory comments in the simulator-specific subdirectories under /home/alexix/Repos/FPGALearning/Calc2/uart/simulation/.
Info: Regenerate these scripts whenever you make any change to any Quartus-generated IP in your project.
Info: Finished: Create Modelsim Project.
Info: Starting: Create block symbol file (.bsf)
Info: qsys-generate /home/alexix/Repos/FPGALearning/Calc2/uart.qsys --block-symbol-file --output-directory=/home/alexix/Repos/FPGALearning/Calc2/uart --family="Cyclone V" --part=5CSEMA5F31C6
Progress: Loading Calc2/uart.qsys
Progress: Reading input file
Progress: Adding clk_0 [clock_source 25.1]
Progress: Parameterizing module clk_0
Progress: Adding rs232_0 [altera_up_avalon_rs232 17.1]
Progress: Parameterizing module rs232_0
Progress: Building connections
Progress: Parameterizing connections
Progress: Validating
Progress: Done reading input file
Info: qsys-generate succeeded.
Info: Finished: Create block symbol file (.bsf)
Info: 
Info: Starting: Create HDL design files for synthesis
Info: qsys-generate /home/alexix/Repos/FPGALearning/Calc2/uart.qsys --synthesis=VERILOG --output-directory=/home/alexix/Repos/FPGALearning/Calc2/uart/synthesis --family="Cyclone V" --part=5CSEMA5F31C6
Progress: Loading Calc2/uart.qsys
Progress: Reading input file
Progress: Adding clk_0 [clock_source 25.1]
Progress: Parameterizing module clk_0
Progress: Adding rs232_0 [altera_up_avalon_rs232 17.1]
Progress: Parameterizing module rs232_0
Progress: Building connections
Progress: Parameterizing connections
Progress: Validating
Progress: Done reading input file
Info: uart: Generating "uart" for QUARTUS_SYNTH
Info: rs232_0: Starting Generation of RS232 UART
Info: rs232_0: "uart" instantiated altera_up_avalon_rs232 "rs232_0"
Info: rst_controller: "uart" instantiated altera_reset_controller "rst_controller"
Info: uart: Done "uart" with 3 modules, 9 files
Info: qsys-generate succeeded.
Info: Finished: Create HDL design files for synthesis
